>>> 23:17:30 marbert_emd_d3 (emd/d3tok bs=32)
<<< 23:45:58 done marbert_emd_d3 (exit 0)
>>> 23:45:58 camelbert_emd_d3 (emd/d3tok bs=32)
<<< 00:00:37 done camelbert_emd_d3 (exit 0)
>>> 00:00:37 camelbert_wkl_d3 (wkl/d3tok bs=32)
<<< 00:15:43 done camelbert_wkl_d3 (exit 0)
>>> 00:15:43 araelectra_emd_d3 (emd/d3tok bs=32)
<<< 00:38:12 done araelectra_emd_d3 (exit 0)
>>> 00:38:12 araelectra_wkl_d3 (wkl/d3tok bs=32)
<<< 01:01:16 done araelectra_wkl_d3 (exit 0)
>>> 01:01:16 arbertv2_corn_d3 (corn/d3tok bs=32)
<<< 01:24:40 done arbertv2_corn_d3 (exit 0)
>>> 01:24:40 arbertv2_soft_d3 (soft/d3tok bs=32)
<<< 01:49:31 done arbertv2_soft_d3 (exit 0)
>>> 01:49:31 aramodern_soft_raw (soft/raw bs=32)
<<< 02:25:28 done aramodern_soft_raw (exit 0)
=== PHASE_A DONE 02:25:28 ===
>>> 02:25:28 arabertv2_large_reg (reg/d3tok bs=24)
<<< 03:32:51 done arabertv2_large_reg (exit 0)
>>> 03:32:51 arabertv2_large_corn (corn/d3tok bs=24)
<<< 04:45:24 done arabertv2_large_corn (exit 0)
>>> 04:45:24 arabertv2_large_soft (soft/d3tok bs=24)
<<< 05:53:36 done arabertv2_large_soft (exit 0)
>>> 05:53:36 arabertv2_large_emd (emd/d3tok bs=24)
<<< 07:01:05 done arabertv2_large_emd (exit 0)
=== CAMPAIGN2 DONE 07:01:05 ===
