[alldata] train=62155 (train+dev), holdout=test=7286
Loading weights:   0%|          | 0/199 [00:00<?, ?it/s]Loading weights: 100%|██████████| 199/199 [00:00<00:00, 13325.88it/s]
[transformers] [1mBertModel LOAD REPORT[0m from: aubmindlab/bert-base-arabertv2
Key                                        | Status     |  | 
-------------------------------------------+------------+--+-
cls.predictions.transform.dense.bias       | UNEXPECTED |  | 
cls.seq_relationship.weight                | UNEXPECTED |  | 
cls.seq_relationship.bias                  | UNEXPECTED |  | 
cls.predictions.transform.LayerNorm.bias   | UNEXPECTED |  | 
cls.predictions.transform.dense.weight     | UNEXPECTED |  | 
cls.predictions.transform.LayerNorm.weight | UNEXPECTED |  | 
cls.predictions.bias                       | UNEXPECTED |  | 

Notes:
- UNEXPECTED:	can be ignored when loading from different task/architecture; not ok if you expect identical arch.
ep0 loss=0.7608 dev_QWK(naive)=82.308 246s
ep1 loss=0.5067 dev_QWK(naive)=83.038 242s
ep2 loss=0.4068 dev_QWK(naive)=84.306 245s
ep3 loss=0.3322 dev_QWK(naive)=83.330 245s
ep4 loss=0.2674 dev_QWK(naive)=83.361 243s
ep5 loss=0.2221 dev_QWK(naive)=83.528 242s
early stop
[arabertv2_soft_ad DEV  cal] QWK=85.4288 Acc19=36.70 Acc7=58.58 Acc5=65.95 Acc3=73.92 Adj+-1=73.99 MAE=1.1434
[arabertv2_soft_ad TEST cal] QWK=85.4288 Acc19=36.70 Acc7=58.58 Acc5=65.95 Acc3=73.92 Adj+-1=73.99 MAE=1.1434
saved scores_arabertv2_soft_ad.npz and checkpoint /zaher/SLRA-ST/artifacts/models/arabertv2_soft_ad
