[alldata] train=62155 (train+dev), holdout=test=7286
Loading weights:   0%|          | 0/199 [00:00<?, ?it/s]Loading weights: 100%|██████████| 199/199 [00:00<00:00, 69480.27it/s]
[transformers] [1mBertModel LOAD REPORT[0m from: UBC-NLP/MARBERTv2
Key                                        | Status     |  | 
-------------------------------------------+------------+--+-
cls.predictions.decoder.bias               | UNEXPECTED |  | 
cls.predictions.decoder.weight             | UNEXPECTED |  | 
cls.predictions.bias                       | UNEXPECTED |  | 
cls.seq_relationship.bias                  | UNEXPECTED |  | 
cls.predictions.transform.dense.bias       | UNEXPECTED |  | 
cls.predictions.transform.LayerNorm.bias   | UNEXPECTED |  | 
cls.seq_relationship.weight                | UNEXPECTED |  | 
cls.predictions.transform.LayerNorm.weight | UNEXPECTED |  | 
cls.predictions.transform.dense.weight     | UNEXPECTED |  | 

Notes:
- UNEXPECTED:	can be ignored when loading from different task/architecture; not ok if you expect identical arch.
ep0 loss=0.2255 dev_QWK(naive)=77.535 326s
ep1 loss=0.1286 dev_QWK(naive)=80.721 327s
ep2 loss=0.1014 dev_QWK(naive)=82.132 327s
ep3 loss=0.0818 dev_QWK(naive)=81.802 326s
ep4 loss=0.0670 dev_QWK(naive)=81.987 324s
ep5 loss=0.0566 dev_QWK(naive)=81.894 323s
early stop
[marbert_corn_ad DEV  cal] QWK=83.7629 Acc19=37.67 Acc7=57.53 Acc5=64.69 Acc3=72.92 Adj+-1=72.14 MAE=1.1986
[marbert_corn_ad TEST cal] QWK=83.7629 Acc19=37.67 Acc7=57.53 Acc5=64.69 Acc3=72.92 Adj+-1=72.14 MAE=1.1986
saved scores_marbert_corn_ad.npz and checkpoint /zaher/SLRA-ST/artifacts/models/marbert_corn_ad
