[alldata] train=62155 (train+dev), holdout=test=7286
Loading weights:   0%|          | 0/199 [00:00<?, ?it/s]Loading weights: 100%|██████████| 199/199 [00:00<00:00, 12799.47it/s]
[transformers] [1mBertModel LOAD REPORT[0m from: aubmindlab/bert-base-arabertv2
Key                                        | Status     |  | 
-------------------------------------------+------------+--+-
cls.predictions.transform.LayerNorm.bias   | UNEXPECTED |  | 
cls.predictions.transform.dense.weight     | UNEXPECTED |  | 
cls.seq_relationship.weight                | UNEXPECTED |  | 
cls.predictions.bias                       | UNEXPECTED |  | 
cls.predictions.transform.dense.bias       | UNEXPECTED |  | 
cls.seq_relationship.bias                  | UNEXPECTED |  | 
cls.predictions.transform.LayerNorm.weight | UNEXPECTED |  | 

Notes:
- UNEXPECTED:	can be ignored when loading from different task/architecture; not ok if you expect identical arch.
ep0 loss=1.0847 dev_QWK(naive)=82.376 238s
ep1 loss=0.7463 dev_QWK(naive)=82.908 241s
ep2 loss=0.6108 dev_QWK(naive)=82.206 238s
ep3 loss=0.5123 dev_QWK(naive)=83.503 239s
ep4 loss=0.4307 dev_QWK(naive)=84.034 240s
ep5 loss=0.3714 dev_QWK(naive)=83.827 239s
ep6 loss=0.3273 dev_QWK(naive)=83.928 237s
ep7 loss=0.2962 dev_QWK(naive)=83.587 242s
early stop
[arabertv2_emd_ad DEV  cal] QWK=85.0611 Acc19=38.97 Acc7=59.32 Acc5=66.35 Acc3=74.50 Adj+-1=74.75 MAE=1.1353
[arabertv2_emd_ad TEST cal] QWK=85.0611 Acc19=38.97 Acc7=59.32 Acc5=66.35 Acc3=74.50 Adj+-1=74.75 MAE=1.1353
saved scores_arabertv2_emd_ad.npz and checkpoint /zaher/SLRA-ST/artifacts/models/arabertv2_emd_ad
