[alldata] train=62155 (train+dev), holdout=test=7286
[pseudo] +8077 pseudo-labeled -> train=70232
Loading weights:   0%|          | 0/199 [00:00<?, ?it/s]Loading weights: 100%|██████████| 199/199 [00:00<00:00, 4737.20it/s]
[transformers] [1mBertModel LOAD REPORT[0m from: aubmindlab/bert-base-arabertv2
Key                                        | Status     |  | 
-------------------------------------------+------------+--+-
cls.seq_relationship.bias                  | UNEXPECTED |  | 
cls.predictions.transform.dense.weight     | UNEXPECTED |  | 
cls.predictions.transform.LayerNorm.weight | UNEXPECTED |  | 
cls.predictions.transform.LayerNorm.bias   | UNEXPECTED |  | 
cls.predictions.transform.dense.bias       | UNEXPECTED |  | 
cls.seq_relationship.weight                | UNEXPECTED |  | 
cls.predictions.bias                       | UNEXPECTED |  | 

Notes:
- UNEXPECTED:	can be ignored when loading from different task/architecture; not ok if you expect identical arch.
ep0 loss=0.9959 dev_QWK(naive)=83.316 272s
ep1 loss=0.6816 dev_QWK(naive)=85.225 271s
ep2 loss=0.5671 dev_QWK(naive)=85.154 271s
ep3 loss=0.4818 dev_QWK(naive)=84.580 272s
ep4 loss=0.4273 dev_QWK(naive)=84.386 273s
early stop
[arabertv2_emd_ps DEV  cal] QWK=86.0164 Acc19=36.04 Acc7=59.48 Acc5=66.00 Acc3=74.05 Adj+-1=74.84 MAE=1.1235
[arabertv2_emd_ps TEST cal] QWK=86.0164 Acc19=36.04 Acc7=59.48 Acc5=66.00 Acc3=74.05 Adj+-1=74.84 MAE=1.1235
saved scores_arabertv2_emd_ps.npz and checkpoint /zaher/SLRA-ST/artifacts/models/arabertv2_emd_ps
