[fold 0/5] train=56360 holdout(OOF)=13081 docs_held=379
Loading weights:   0%|          | 0/199 [00:00<?, ?it/s]Loading weights: 100%|██████████| 199/199 [00:00<00:00, 10994.46it/s]
[transformers] [1mBertModel LOAD REPORT[0m from: aubmindlab/bert-base-arabertv2
Key                                        | Status     |  | 
-------------------------------------------+------------+--+-
cls.predictions.transform.LayerNorm.weight | UNEXPECTED |  | 
cls.predictions.transform.dense.bias       | UNEXPECTED |  | 
cls.seq_relationship.bias                  | UNEXPECTED |  | 
cls.predictions.transform.LayerNorm.bias   | UNEXPECTED |  | 
cls.predictions.bias                       | UNEXPECTED |  | 
cls.seq_relationship.weight                | UNEXPECTED |  | 
cls.predictions.transform.dense.weight     | UNEXPECTED |  | 

Notes:
- UNEXPECTED:	can be ignored when loading from different task/architecture; not ok if you expect identical arch.
ep0 loss=1.0700 dev_QWK(naive)=83.141 222s
ep1 loss=0.7412 dev_QWK(naive)=84.555 221s
ep2 loss=0.6118 dev_QWK(naive)=84.215 222s
ep3 loss=0.5192 dev_QWK(naive)=83.769 231s
ep4 loss=0.4550 dev_QWK(naive)=84.003 233s
early stop
[arabertv2_emd_kf0 DEV  cal] QWK=85.3458 Acc19=36.93 Acc7=58.71 Acc5=66.06 Acc3=74.17 Adj+-1=73.12 MAE=1.1378
[arabertv2_emd_kf0 TEST cal] QWK=85.3458 Acc19=36.93 Acc7=58.71 Acc5=66.06 Acc3=74.17 Adj+-1=73.12 MAE=1.1378
saved scores_arabertv2_emd_kf0.npz and checkpoint /zaher/SLRA-ST/artifacts/models/arabertv2_emd_kf0
