[alldata] train=62155 (train+dev), holdout=test=7286
[pseudo] +8077 pseudo-labeled -> train=70232
Loading weights:   0%|          | 0/199 [00:00<?, ?it/s]Loading weights: 100%|██████████| 199/199 [00:00<00:00, 10356.95it/s]
[transformers] [1mBertModel LOAD REPORT[0m from: aubmindlab/bert-base-arabertv2
Key                                        | Status     |  | 
-------------------------------------------+------------+--+-
cls.predictions.transform.dense.bias       | UNEXPECTED |  | 
cls.predictions.transform.dense.weight     | UNEXPECTED |  | 
cls.seq_relationship.weight                | UNEXPECTED |  | 
cls.seq_relationship.bias                  | UNEXPECTED |  | 
cls.predictions.bias                       | UNEXPECTED |  | 
cls.predictions.transform.LayerNorm.bias   | UNEXPECTED |  | 
cls.predictions.transform.LayerNorm.weight | UNEXPECTED |  | 

Notes:
- UNEXPECTED:	can be ignored when loading from different task/architecture; not ok if you expect identical arch.
ep0 loss=0.6956 dev_QWK(naive)=82.338 275s
ep1 loss=0.4637 dev_QWK(naive)=85.314 273s
ep2 loss=0.3777 dev_QWK(naive)=85.183 274s
ep3 loss=0.3128 dev_QWK(naive)=84.479 274s
ep4 loss=0.2682 dev_QWK(naive)=84.305 275s
early stop
[arabertv2_soft_ps DEV  cal] QWK=86.2256 Acc19=38.58 Acc7=60.51 Acc5=66.43 Acc3=74.21 Adj+-1=74.29 MAE=1.1013
[arabertv2_soft_ps TEST cal] QWK=86.2256 Acc19=38.58 Acc7=60.51 Acc5=66.43 Acc3=74.21 Adj+-1=74.29 MAE=1.1013
saved scores_arabertv2_soft_ps.npz and checkpoint /zaher/SLRA-ST/artifacts/models/arabertv2_soft_ps
