Loading weights:   0%|          | 0/391 [00:00<?, ?it/s]Loading weights: 100%|██████████| 391/391 [00:00<00:00, 13123.98it/s]
[transformers] [1mBertModel LOAD REPORT[0m from: aubmindlab/bert-large-arabertv2
Key                                        | Status     |  | 
-------------------------------------------+------------+--+-
cls.seq_relationship.bias                  | UNEXPECTED |  | 
cls.predictions.transform.dense.weight     | UNEXPECTED |  | 
cls.predictions.transform.dense.bias       | UNEXPECTED |  | 
cls.predictions.transform.LayerNorm.weight | UNEXPECTED |  | 
cls.predictions.transform.LayerNorm.bias   | UNEXPECTED |  | 
cls.predictions.bias                       | UNEXPECTED |  | 
cls.seq_relationship.weight                | UNEXPECTED |  | 

Notes:
- UNEXPECTED:	can be ignored when loading from different task/architecture; not ok if you expect identical arch.
ep0 loss=0.2107 dev_QWK(naive)=72.300 701s
ep1 loss=0.1479 dev_QWK(naive)=74.404 815s
ep2 loss=0.1309 dev_QWK(naive)=76.989 795s
ep3 loss=0.1165 dev_QWK(naive)=75.394 916s
ep4 loss=0.1041 dev_QWK(naive)=74.922 706s
ep5 loss=0.0955 dev_QWK(naive)=75.758 703s
early stop
[arabertv2_large_corn_raw DEV  cal] QWK=78.0822 Acc19=27.36 Acc7=49.86 Acc5=58.32 Acc3=71.05 Adj+-1=60.94 MAE=1.5449
[arabertv2_large_corn_raw TEST cal] QWK=78.5569 Acc19=28.40 Acc7=50.74 Acc5=57.81 Acc3=69.04 Adj+-1=62.50 MAE=1.4889
saved scores_arabertv2_large_corn_raw.npz and checkpoint /zaher/SLRA-ST/artifacts/models/arabertv2_large_corn_raw
