[fold 3/5] train=56256 holdout(OOF)=13185 docs_held=388
Loading weights:   0%|          | 0/199 [00:00<?, ?it/s]Loading weights: 100%|██████████| 199/199 [00:00<00:00, 13488.25it/s]
[transformers] [1mBertModel LOAD REPORT[0m from: aubmindlab/bert-base-arabertv2
Key                                        | Status     |  | 
-------------------------------------------+------------+--+-
cls.predictions.transform.dense.bias       | UNEXPECTED |  | 
cls.predictions.transform.LayerNorm.weight | UNEXPECTED |  | 
cls.predictions.transform.LayerNorm.bias   | UNEXPECTED |  | 
cls.seq_relationship.weight                | UNEXPECTED |  | 
cls.seq_relationship.bias                  | UNEXPECTED |  | 
cls.predictions.bias                       | UNEXPECTED |  | 
cls.predictions.transform.dense.weight     | UNEXPECTED |  | 

Notes:
- UNEXPECTED:	can be ignored when loading from different task/architecture; not ok if you expect identical arch.
ep0 loss=1.0675 dev_QWK(naive)=82.414 218s
ep1 loss=0.7386 dev_QWK(naive)=83.176 217s
ep2 loss=0.6123 dev_QWK(naive)=84.055 217s
ep3 loss=0.5184 dev_QWK(naive)=84.186 216s
ep4 loss=0.4559 dev_QWK(naive)=83.958 217s
[arabertv2_emd_kf3 DEV  cal] QWK=84.9651 Acc19=40.36 Acc7=60.40 Acc5=68.03 Acc3=75.81 Adj+-1=75.28 MAE=1.1023
[arabertv2_emd_kf3 TEST cal] QWK=84.9651 Acc19=40.36 Acc7=60.40 Acc5=68.03 Acc3=75.81 Adj+-1=75.28 MAE=1.1023
saved scores_arabertv2_emd_kf3.npz and checkpoint /zaher/SLRA-ST/artifacts/models/arabertv2_emd_kf3
