[alldata] train=62155 (train+dev), holdout=test=7286
Loading weights:   0%|          | 0/199 [00:00<?, ?it/s]Loading weights: 100%|██████████| 199/199 [00:00<00:00, 12528.77it/s]
[transformers] [1mBertModel LOAD REPORT[0m from: aubmindlab/bert-base-arabertv2
Key                                        | Status     |  | 
-------------------------------------------+------------+--+-
cls.predictions.transform.LayerNorm.weight | UNEXPECTED |  | 
cls.predictions.bias                       | UNEXPECTED |  | 
cls.seq_relationship.bias                  | UNEXPECTED |  | 
cls.predictions.transform.dense.weight     | UNEXPECTED |  | 
cls.predictions.transform.dense.bias       | UNEXPECTED |  | 
cls.predictions.transform.LayerNorm.bias   | UNEXPECTED |  | 
cls.seq_relationship.weight                | UNEXPECTED |  | 

Notes:
- UNEXPECTED:	can be ignored when loading from different task/architecture; not ok if you expect identical arch.
ep0 loss=2.0296 dev_QWK(naive)=82.029 244s
ep1 loss=1.4080 dev_QWK(naive)=83.139 246s
ep2 loss=1.1661 dev_QWK(naive)=84.245 248s
ep3 loss=0.9829 dev_QWK(naive)=83.605 246s
ep4 loss=0.8172 dev_QWK(naive)=83.968 244s
ep5 loss=0.6846 dev_QWK(naive)=84.176 246s
early stop
[arabertv2_wkl_ad DEV  cal] QWK=85.5159 Acc19=38.25 Acc7=59.09 Acc5=67.18 Acc3=74.83 Adj+-1=74.51 MAE=1.1149
[arabertv2_wkl_ad TEST cal] QWK=85.5159 Acc19=38.25 Acc7=59.09 Acc5=67.18 Acc3=74.83 Adj+-1=74.51 MAE=1.1149
saved scores_arabertv2_wkl_ad.npz and checkpoint /zaher/SLRA-ST/artifacts/models/arabertv2_wkl_ad
