[alldata] train=62155 (train+dev), holdout=test=7286
Loading weights:   0%|          | 0/391 [00:00<?, ?it/s]Loading weights: 100%|██████████| 391/391 [00:00<00:00, 10997.23it/s]
[transformers] [1mBertModel LOAD REPORT[0m from: aubmindlab/bert-large-arabertv2
Key                                        | Status     |  | 
-------------------------------------------+------------+--+-
cls.predictions.bias                       | UNEXPECTED |  | 
cls.predictions.transform.LayerNorm.bias   | UNEXPECTED |  | 
cls.predictions.transform.dense.weight     | UNEXPECTED |  | 
cls.seq_relationship.weight                | UNEXPECTED |  | 
cls.predictions.transform.dense.bias       | UNEXPECTED |  | 
cls.seq_relationship.bias                  | UNEXPECTED |  | 
cls.predictions.transform.LayerNorm.weight | UNEXPECTED |  | 

Notes:
- UNEXPECTED:	can be ignored when loading from different task/architecture; not ok if you expect identical arch.
ep0 loss=0.7718 dev_QWK(naive)=78.461 1626s
ep1 loss=0.6223 dev_QWK(naive)=61.089 1633s
ep2 loss=0.4628 dev_QWK(naive)=84.018 1604s
ep3 loss=0.3682 dev_QWK(naive)=83.792 1638s
ep4 loss=0.3024 dev_QWK(naive)=83.156 1541s
ep5 loss=0.2571 dev_QWK(naive)=83.247 1284s
early stop
[arabertv2_large_soft_ad DEV  cal] QWK=85.5075 Acc19=36.63 Acc7=58.51 Acc5=66.36 Acc3=74.32 Adj+-1=74.28 MAE=1.1411
[arabertv2_large_soft_ad TEST cal] QWK=85.5075 Acc19=36.63 Acc7=58.51 Acc5=66.36 Acc3=74.32 Adj+-1=74.28 MAE=1.1411
saved scores_arabertv2_large_soft_ad.npz and checkpoint /zaher/SLRA-ST/artifacts/models/arabertv2_large_soft_ad
