Loading weights:   0%|          | 0/199 [00:00<?, ?it/s]Loading weights: 100%|██████████| 199/199 [00:00<00:00, 7240.22it/s]
[transformers] [1mBertModel LOAD REPORT[0m from: aubmindlab/bert-base-arabertv2
Key                                        | Status     |  | 
-------------------------------------------+------------+--+-
cls.predictions.transform.LayerNorm.weight | UNEXPECTED |  | 
cls.predictions.transform.dense.weight     | UNEXPECTED |  | 
cls.seq_relationship.weight                | UNEXPECTED |  | 
cls.predictions.transform.dense.bias       | UNEXPECTED |  | 
cls.predictions.transform.LayerNorm.bias   | UNEXPECTED |  | 
cls.seq_relationship.bias                  | UNEXPECTED |  | 
cls.predictions.bias                       | UNEXPECTED |  | 

Notes:
- UNEXPECTED:	can be ignored when loading from different task/architecture; not ok if you expect identical arch.
ep0 loss=19.9424 dev_QWK(naive)=75.006 209s
ep1 loss=3.2477 dev_QWK(naive)=82.009 209s
ep2 loss=2.3797 dev_QWK(naive)=82.754 208s
ep3 loss=1.8476 dev_QWK(naive)=82.962 208s
ep4 loss=1.4972 dev_QWK(naive)=82.682 210s
ep5 loss=1.2447 dev_QWK(naive)=82.404 209s
ep6 loss=1.0803 dev_QWK(naive)=82.067 207s
early stop
[arabertv2_reg_s2 DEV  cal] QWK=84.0292 Acc19=37.36 Acc7=58.41 Acc5=65.96 Acc3=75.58 Adj+-1=70.36 MAE=1.2197
[arabertv2_reg_s2 TEST cal] QWK=84.1860 Acc19=36.65 Acc7=57.47 Acc5=63.68 Acc3=72.78 Adj+-1=69.81 MAE=1.2070
saved scores_arabertv2_reg_s2.npz and checkpoint /zaher/SLRA-ST/artifacts/models/arabertv2_reg_s2
