Loading weights:   0%|          | 0/391 [00:00<?, ?it/s]Loading weights: 100%|██████████| 391/391 [00:00<00:00, 4941.64it/s]
[transformers] [1mBertModel LOAD REPORT[0m from: aubmindlab/bert-large-arabertv2
Key                                        | Status     |  | 
-------------------------------------------+------------+--+-
cls.predictions.transform.LayerNorm.bias   | UNEXPECTED |  | 
cls.seq_relationship.bias                  | UNEXPECTED |  | 
cls.predictions.transform.dense.bias       | UNEXPECTED |  | 
cls.seq_relationship.weight                | UNEXPECTED |  | 
cls.predictions.transform.dense.weight     | UNEXPECTED |  | 
cls.predictions.transform.LayerNorm.weight | UNEXPECTED |  | 
cls.predictions.bias                       | UNEXPECTED |  | 

Notes:
- UNEXPECTED:	can be ignored when loading from different task/architecture; not ok if you expect identical arch.
ep0 loss=10.4351 dev_QWK(naive)=79.393 667s
ep1 loss=3.0762 dev_QWK(naive)=81.462 665s
ep2 loss=2.3680 dev_QWK(naive)=81.807 668s
ep3 loss=1.8072 dev_QWK(naive)=82.107 666s
ep4 loss=1.4391 dev_QWK(naive)=82.564 667s
ep5 loss=1.2189 dev_QWK(naive)=82.718 666s
[arabertv2_large_reg DEV  cal] QWK=83.2110 Acc19=30.57 Acc7=57.41 Acc5=64.99 Acc3=74.57 Adj+-1=71.44 MAE=1.2992
[arabertv2_large_reg TEST cal] QWK=83.4907 Acc19=31.29 Acc7=57.38 Acc5=64.14 Acc3=72.22 Adj+-1=71.71 MAE=1.2641
saved scores_arabertv2_large_reg.npz and checkpoint /zaher/SLRA-ST/artifacts/models/arabertv2_large_reg
