Loading weights:   0%|          | 0/391 [00:00<?, ?it/s]Loading weights: 100%|██████████| 391/391 [00:00<00:00, 13605.22it/s]
[transformers] [1mBertModel LOAD REPORT[0m from: aubmindlab/bert-large-arabertv2
Key                                        | Status     |  | 
-------------------------------------------+------------+--+-
cls.predictions.transform.LayerNorm.weight | UNEXPECTED |  | 
cls.predictions.transform.LayerNorm.bias   | UNEXPECTED |  | 
cls.seq_relationship.weight                | UNEXPECTED |  | 
cls.seq_relationship.bias                  | UNEXPECTED |  | 
cls.predictions.transform.dense.weight     | UNEXPECTED |  | 
cls.predictions.transform.dense.bias       | UNEXPECTED |  | 
cls.predictions.bias                       | UNEXPECTED |  | 

Notes:
- UNEXPECTED:	can be ignored when loading from different task/architecture; not ok if you expect identical arch.
ep0 loss=1.0947 dev_QWK(naive)=70.971 669s
ep1 loss=0.8421 dev_QWK(naive)=80.852 665s
ep2 loss=0.6461 dev_QWK(naive)=81.890 669s
ep3 loss=0.5281 dev_QWK(naive)=82.364 668s
ep4 loss=0.4503 dev_QWK(naive)=82.337 670s
ep5 loss=0.3890 dev_QWK(naive)=82.123 667s
[arabertv2_large_emd DEV  cal] QWK=83.8061 Acc19=35.65 Acc7=61.09 Acc5=67.65 Acc3=75.79 Adj+-1=73.08 MAE=1.2237
[arabertv2_large_emd TEST cal] QWK=83.5359 Acc19=35.34 Acc7=61.50 Acc5=67.06 Acc3=74.03 Adj+-1=73.09 MAE=1.2071
saved scores_arabertv2_large_emd.npz and checkpoint /zaher/SLRA-ST/artifacts/models/arabertv2_large_emd
