[fold 4/5] train=55772 holdout(OOF)=13669 docs_held=388
Loading weights:   0%|          | 0/199 [00:00<?, ?it/s]Loading weights: 100%|██████████| 199/199 [00:00<00:00, 10871.03it/s]
[transformers] [1mBertModel LOAD REPORT[0m from: aubmindlab/bert-base-arabertv2
Key                                        | Status     |  | 
-------------------------------------------+------------+--+-
cls.predictions.transform.LayerNorm.bias   | UNEXPECTED |  | 
cls.seq_relationship.weight                | UNEXPECTED |  | 
cls.seq_relationship.bias                  | UNEXPECTED |  | 
cls.predictions.transform.dense.bias       | UNEXPECTED |  | 
cls.predictions.transform.LayerNorm.weight | UNEXPECTED |  | 
cls.predictions.bias                       | UNEXPECTED |  | 
cls.predictions.transform.dense.weight     | UNEXPECTED |  | 

Notes:
- UNEXPECTED:	can be ignored when loading from different task/architecture; not ok if you expect identical arch.
ep0 loss=1.0647 dev_QWK(naive)=82.179 218s
ep1 loss=0.7359 dev_QWK(naive)=84.660 216s
ep2 loss=0.6040 dev_QWK(naive)=83.626 219s
ep3 loss=0.5104 dev_QWK(naive)=84.112 217s
ep4 loss=0.4490 dev_QWK(naive)=83.883 216s
early stop
[arabertv2_emd_kf4 DEV  cal] QWK=85.2007 Acc19=37.99 Acc7=59.08 Acc5=66.54 Acc3=74.52 Adj+-1=73.96 MAE=1.1348
[arabertv2_emd_kf4 TEST cal] QWK=85.2007 Acc19=37.99 Acc7=59.08 Acc5=66.54 Acc3=74.52 Adj+-1=73.96 MAE=1.1348
saved scores_arabertv2_emd_kf4.npz and checkpoint /zaher/SLRA-ST/artifacts/models/arabertv2_emd_kf4
