[alldata] train=62155 (train+dev), holdout=test=7286
Loading weights:   0%|          | 0/391 [00:00<?, ?it/s]Loading weights: 100%|██████████| 391/391 [00:00<00:00, 5335.54it/s]
[transformers] [1mBertModel LOAD REPORT[0m from: aubmindlab/bert-large-arabertv2
Key                                        | Status     |  | 
-------------------------------------------+------------+--+-
cls.seq_relationship.bias                  | UNEXPECTED |  | 
cls.predictions.transform.dense.bias       | UNEXPECTED |  | 
cls.predictions.transform.dense.weight     | UNEXPECTED |  | 
cls.predictions.bias                       | UNEXPECTED |  | 
cls.seq_relationship.weight                | UNEXPECTED |  | 
cls.predictions.transform.LayerNorm.bias   | UNEXPECTED |  | 
cls.predictions.transform.LayerNorm.weight | UNEXPECTED |  | 

Notes:
- UNEXPECTED:	can be ignored when loading from different task/architecture; not ok if you expect identical arch.
ep0 loss=10.2611 dev_QWK(naive)=82.519 758s
ep1 loss=2.9930 dev_QWK(naive)=83.192 757s
ep2 loss=2.4592 dev_QWK(naive)=84.147 757s
ep3 loss=2.1479 dev_QWK(naive)=84.515 758s
[arabertv2_large_reg_ad2 DEV  cal] QWK=84.9661 Acc19=30.51 Acc7=54.08 Acc5=63.15 Acc3=72.15 Adj+-1=70.23 MAE=1.2352
[arabertv2_large_reg_ad2 TEST cal] QWK=84.9661 Acc19=30.51 Acc7=54.08 Acc5=63.15 Acc3=72.15 Adj+-1=70.23 MAE=1.2352
saved scores_arabertv2_large_reg_ad2.npz and checkpoint /zaher/SLRA-ST/artifacts/models/arabertv2_large_reg_ad2
