[alldata] train=62155 (train+dev), holdout=test=7286
Loading weights:   0%|          | 0/391 [00:00<?, ?it/s]Loading weights: 100%|██████████| 391/391 [00:00<00:00, 6113.96it/s]
[transformers] [1mBertModel LOAD REPORT[0m from: aubmindlab/bert-large-arabertv2
Key                                        | Status     |  | 
-------------------------------------------+------------+--+-
cls.predictions.bias                       | UNEXPECTED |  | 
cls.predictions.transform.LayerNorm.bias   | UNEXPECTED |  | 
cls.seq_relationship.weight                | UNEXPECTED |  | 
cls.predictions.transform.LayerNorm.weight | UNEXPECTED |  | 
cls.predictions.transform.dense.bias       | UNEXPECTED |  | 
cls.predictions.transform.dense.weight     | UNEXPECTED |  | 
cls.seq_relationship.bias                  | UNEXPECTED |  | 

Notes:
- UNEXPECTED:	can be ignored when loading from different task/architecture; not ok if you expect identical arch.
ep0 loss=11.5728 dev_QWK(naive)=0.000 1627s
ep1 loss=6.8111 dev_QWK(naive)=0.000 1522s
ep2 loss=6.6838 dev_QWK(naive)=0.000 1232s
ep3 loss=6.5335 dev_QWK(naive)=0.000 1228s
early stop
[arabertv2_large_reg_ad DEV  cal] QWK=0.0000 Acc19=7.43 Acc7=10.03 Acc5=30.26 Acc3=49.46 Adj+-1=18.06 MAE=3.6223
[arabertv2_large_reg_ad TEST cal] QWK=0.0000 Acc19=7.43 Acc7=10.03 Acc5=30.26 Acc3=49.46 Adj+-1=18.06 MAE=3.6223
saved scores_arabertv2_large_reg_ad.npz and checkpoint /zaher/SLRA-ST/artifacts/models/arabertv2_large_reg_ad
