Loading weights:   0%|          | 0/199 [00:00<?, ?it/s]Loading weights: 100%|██████████| 199/199 [00:00<00:00, 12656.43it/s]
[transformers] [1mBertModel LOAD REPORT[0m from: aubmindlab/bert-base-arabertv2
Key                                        | Status     |  | 
-------------------------------------------+------------+--+-
cls.predictions.transform.LayerNorm.weight | UNEXPECTED |  | 
cls.predictions.bias                       | UNEXPECTED |  | 
cls.predictions.transform.LayerNorm.bias   | UNEXPECTED |  | 
cls.seq_relationship.weight                | UNEXPECTED |  | 
cls.seq_relationship.bias                  | UNEXPECTED |  | 
cls.predictions.transform.dense.bias       | UNEXPECTED |  | 
cls.predictions.transform.dense.weight     | UNEXPECTED |  | 

Notes:
- UNEXPECTED:	can be ignored when loading from different task/architecture; not ok if you expect identical arch.
ep0 loss=20.2962 dev_QWK(naive)=72.778 265s
ep1 loss=3.3420 dev_QWK(naive)=81.952 265s
ep2 loss=2.4515 dev_QWK(naive)=82.971 269s
ep3 loss=1.9646 dev_QWK(naive)=82.891 264s
ep4 loss=1.6295 dev_QWK(naive)=82.813 265s
ep5 loss=1.3992 dev_QWK(naive)=82.720 265s
early stop
[arabertv2_reg_d3 DEV  cal] QWK=83.7344 Acc19=31.74 Acc7=53.63 Acc5=61.53 Acc3=74.36 Adj+-1=67.21 MAE=1.2985
[arabertv2_reg_d3 TEST cal] QWK=84.0982 Acc19=30.46 Acc7=53.51 Acc5=60.47 Acc3=71.85 Adj+-1=67.76 MAE=1.2734
saved scores_arabertv2_reg_d3.npz and checkpoint /zaher/SLRA-ST/artifacts/models/arabertv2_reg_d3
