[fold 2/5] train=53884 holdout(OOF)=15557 docs_held=388
Loading weights:   0%|          | 0/199 [00:00<?, ?it/s]Loading weights: 100%|██████████| 199/199 [00:00<00:00, 13895.59it/s]
[transformers] [1mBertModel LOAD REPORT[0m from: aubmindlab/bert-base-arabertv2
Key                                        | Status     |  | 
-------------------------------------------+------------+--+-
cls.predictions.transform.dense.bias       | UNEXPECTED |  | 
cls.predictions.transform.LayerNorm.weight | UNEXPECTED |  | 
cls.predictions.transform.dense.weight     | UNEXPECTED |  | 
cls.predictions.transform.LayerNorm.bias   | UNEXPECTED |  | 
cls.seq_relationship.weight                | UNEXPECTED |  | 
cls.predictions.bias                       | UNEXPECTED |  | 
cls.seq_relationship.bias                  | UNEXPECTED |  | 

Notes:
- UNEXPECTED:	can be ignored when loading from different task/architecture; not ok if you expect identical arch.
ep0 loss=1.0587 dev_QWK(naive)=79.564 211s
ep1 loss=0.7316 dev_QWK(naive)=82.089 212s
ep2 loss=0.6041 dev_QWK(naive)=81.798 211s
ep3 loss=0.5135 dev_QWK(naive)=81.837 210s
ep4 loss=0.4531 dev_QWK(naive)=82.081 210s
early stop
[arabertv2_emd_kf2 DEV  cal] QWK=83.4905 Acc19=33.14 Acc7=57.23 Acc5=65.84 Acc3=74.33 Adj+-1=71.36 MAE=1.2479
[arabertv2_emd_kf2 TEST cal] QWK=83.4905 Acc19=33.14 Acc7=57.23 Acc5=65.84 Acc3=74.33 Adj+-1=71.36 MAE=1.2479
saved scores_arabertv2_emd_kf2.npz and checkpoint /zaher/SLRA-ST/artifacts/models/arabertv2_emd_kf2
