Loading weights:   0%|          | 0/199 [00:00<?, ?it/s]Loading weights: 100%|██████████| 199/199 [00:00<00:00, 73818.56it/s]
[transformers] [1mBertModel LOAD REPORT[0m from: UBC-NLP/MARBERTv2
Key                                        | Status     |  | 
-------------------------------------------+------------+--+-
cls.predictions.decoder.weight             | UNEXPECTED |  | 
cls.predictions.bias                       | UNEXPECTED |  | 
cls.seq_relationship.weight                | UNEXPECTED |  | 
cls.predictions.transform.LayerNorm.bias   | UNEXPECTED |  | 
cls.predictions.transform.dense.weight     | UNEXPECTED |  | 
cls.seq_relationship.bias                  | UNEXPECTED |  | 
cls.predictions.transform.LayerNorm.weight | UNEXPECTED |  | 
cls.predictions.transform.dense.bias       | UNEXPECTED |  | 
cls.predictions.decoder.bias               | UNEXPECTED |  | 

Notes:
- UNEXPECTED:	can be ignored when loading from different task/architecture; not ok if you expect identical arch.
ep0 loss=27.0445 dev_QWK(naive)=63.660 331s
ep1 loss=4.3938 dev_QWK(naive)=79.397 693s
ep2 loss=2.3550 dev_QWK(naive)=80.343 480s
ep3 loss=1.6723 dev_QWK(naive)=81.193 493s
ep4 loss=1.2875 dev_QWK(naive)=81.008 358s
ep5 loss=1.0517 dev_QWK(naive)=81.316 319s
ep6 loss=0.9321 dev_QWK(naive)=81.106 319s
ep7 loss=0.8412 dev_QWK(naive)=81.141 319s
[marbert_reg_d3 DEV  cal] QWK=81.7604 Acc19=34.17 Acc7=56.66 Acc5=63.50 Acc3=73.19 Adj+-1=68.97 MAE=1.3190
[marbert_reg_d3 TEST cal] QWK=81.7509 Acc19=32.99 Acc7=56.03 Acc5=61.83 Acc3=70.60 Adj+-1=69.02 MAE=1.3022
saved scores_marbert_reg_d3.npz and checkpoint /zaher/SLRA-ST/artifacts/models/marbert_reg_d3
