Loading weights:   0%|          | 0/199 [00:00<?, ?it/s]Loading weights: 100%|██████████| 199/199 [00:00<00:00, 9326.40it/s]
[transformers] [1mBertModel LOAD REPORT[0m from: aubmindlab/bert-base-arabertv2
Key                                        | Status     |  | 
-------------------------------------------+------------+--+-
cls.predictions.transform.dense.weight     | UNEXPECTED |  | 
cls.predictions.transform.LayerNorm.bias   | UNEXPECTED |  | 
cls.predictions.transform.LayerNorm.weight | UNEXPECTED |  | 
cls.seq_relationship.weight                | UNEXPECTED |  | 
cls.predictions.transform.dense.bias       | UNEXPECTED |  | 
cls.seq_relationship.bias                  | UNEXPECTED |  | 
cls.predictions.bias                       | UNEXPECTED |  | 

Notes:
- UNEXPECTED:	can be ignored when loading from different task/architecture; not ok if you expect identical arch.
ep0 loss=2.0424 dev_QWK(naive)=81.775 212s
ep1 loss=1.4185 dev_QWK(naive)=82.147 213s
ep2 loss=1.1797 dev_QWK(naive)=83.122 214s
ep3 loss=0.9919 dev_QWK(naive)=82.242 212s
ep4 loss=0.8354 dev_QWK(naive)=82.030 213s
ep5 loss=0.7099 dev_QWK(naive)=82.013 212s
early stop
[arabertv2_wkl_d3 DEV  cal] QWK=84.2643 Acc19=41.57 Acc7=62.61 Acc5=68.82 Acc3=76.46 Adj+-1=73.13 MAE=1.1505
[arabertv2_wkl_d3 TEST cal] QWK=84.8471 Acc19=39.87 Acc7=61.54 Acc5=66.79 Acc3=74.31 Adj+-1=72.69 MAE=1.1352
saved scores_arabertv2_wkl_d3.npz and checkpoint /zaher/SLRA-ST/artifacts/models/arabertv2_wkl_d3
