Loading weights:   0%|          | 0/199 [00:00<?, ?it/s]Loading weights: 100%|██████████| 199/199 [00:00<00:00, 12158.11it/s]
[transformers] [1mBertModel LOAD REPORT[0m from: aubmindlab/bert-base-arabertv2
Key                                        | Status     |  | 
-------------------------------------------+------------+--+-
cls.predictions.transform.dense.bias       | UNEXPECTED |  | 
cls.seq_relationship.weight                | UNEXPECTED |  | 
cls.predictions.transform.dense.weight     | UNEXPECTED |  | 
cls.predictions.transform.LayerNorm.bias   | UNEXPECTED |  | 
cls.predictions.transform.LayerNorm.weight | UNEXPECTED |  | 
cls.predictions.bias                       | UNEXPECTED |  | 
cls.seq_relationship.bias                  | UNEXPECTED |  | 

Notes:
- UNEXPECTED:	can be ignored when loading from different task/architecture; not ok if you expect identical arch.
ep0 loss=1.1241 dev_QWK(naive)=81.131 162s
ep1 loss=0.7633 dev_QWK(naive)=81.993 161s
ep2 loss=0.6270 dev_QWK(naive)=83.663 161s
ep3 loss=0.5347 dev_QWK(naive)=82.429 161s
ep4 loss=0.4609 dev_QWK(naive)=82.723 161s
ep5 loss=0.4040 dev_QWK(naive)=82.042 161s
early stop
[arabertv2_emd_d3 DEV  cal] QWK=84.4211 Acc19=39.69 Acc7=60.73 Acc5=67.40 Acc3=76.29 Adj+-1=72.44 MAE=1.1643
[arabertv2_emd_d3 TEST cal] QWK=85.5501 Acc19=38.36 Acc7=60.50 Acc5=66.13 Acc3=73.90 Adj+-1=73.57 MAE=1.1235
saved scores_arabertv2_emd_d3.npz and checkpoint /zaher/SLRA-ST/artifacts/models/arabertv2_emd_d3
