Loading weights:   0%|          | 0/391 [00:00<?, ?it/s]Loading weights: 100%|██████████| 391/391 [00:00<00:00, 11573.96it/s]
[transformers] [1mBertModel LOAD REPORT[0m from: aubmindlab/bert-large-arabertv2
Key                                        | Status     |  | 
-------------------------------------------+------------+--+-
cls.seq_relationship.bias                  | UNEXPECTED |  | 
cls.predictions.bias                       | UNEXPECTED |  | 
cls.predictions.transform.LayerNorm.bias   | UNEXPECTED |  | 
cls.predictions.transform.dense.weight     | UNEXPECTED |  | 
cls.predictions.transform.LayerNorm.weight | UNEXPECTED |  | 
cls.seq_relationship.weight                | UNEXPECTED |  | 
cls.predictions.transform.dense.bias       | UNEXPECTED |  | 

Notes:
- UNEXPECTED:	can be ignored when loading from different task/architecture; not ok if you expect identical arch.
ep0 loss=1.9443 dev_QWK(naive)=82.024 679s
ep1 loss=1.3392 dev_QWK(naive)=82.759 680s
ep2 loss=1.1021 dev_QWK(naive)=82.545 692s
ep3 loss=0.8872 dev_QWK(naive)=82.565 1318s
ep4 loss=0.7201 dev_QWK(naive)=82.758 1257s
early stop
[arabertv2_large_wkl DEV  cal] QWK=84.1026 Acc19=37.44 Acc7=58.81 Acc5=66.43 Acc3=76.06 Adj+-1=71.67 MAE=1.2097
[arabertv2_large_wkl TEST cal] QWK=83.9374 Acc19=37.07 Acc7=58.93 Acc5=65.39 Acc3=73.85 Adj+-1=71.40 MAE=1.1924
saved scores_arabertv2_large_wkl.npz and checkpoint /zaher/SLRA-ST/artifacts/models/arabertv2_large_wkl
