[alldata] train=62155 (train+dev), holdout=test=7286
Loading weights:   0%|          | 0/199 [00:00<?, ?it/s]Loading weights: 100%|██████████| 199/199 [00:00<00:00, 6052.30it/s]
[transformers] [1mBertModel LOAD REPORT[0m from: aubmindlab/bert-base-arabertv2
Key                                        | Status     |  | 
-------------------------------------------+------------+--+-
cls.seq_relationship.weight                | UNEXPECTED |  | 
cls.seq_relationship.bias                  | UNEXPECTED |  | 
cls.predictions.transform.LayerNorm.weight | UNEXPECTED |  | 
cls.predictions.transform.dense.weight     | UNEXPECTED |  | 
cls.predictions.transform.LayerNorm.bias   | UNEXPECTED |  | 
cls.predictions.transform.dense.bias       | UNEXPECTED |  | 
cls.predictions.bias                       | UNEXPECTED |  | 

Notes:
- UNEXPECTED:	can be ignored when loading from different task/architecture; not ok if you expect identical arch.
ep0 loss=0.2228 dev_QWK(naive)=79.069 281s
ep1 loss=0.1267 dev_QWK(naive)=81.727 278s
ep2 loss=0.1050 dev_QWK(naive)=82.766 281s
ep3 loss=0.0878 dev_QWK(naive)=82.962 281s
ep4 loss=0.0731 dev_QWK(naive)=83.221 286s
ep5 loss=0.0612 dev_QWK(naive)=82.760 285s
ep6 loss=0.0525 dev_QWK(naive)=82.793 281s
ep7 loss=0.0466 dev_QWK(naive)=82.578 279s
early stop
[arabertv2_corn_ad DEV  cal] QWK=85.0693 Acc19=40.52 Acc7=60.57 Acc5=66.92 Acc3=74.40 Adj+-1=74.47 MAE=1.1130
[arabertv2_corn_ad TEST cal] QWK=85.0693 Acc19=40.52 Acc7=60.57 Acc5=66.92 Acc3=74.40 Adj+-1=74.47 MAE=1.1130
saved scores_arabertv2_corn_ad.npz and checkpoint /zaher/SLRA-ST/artifacts/models/arabertv2_corn_ad
